#-----------------------------------------------------------
# Vivado v2018.1 (64-bit)
# SW Build 2188600 on Wed Apr  4 18:40:38 MDT 2018
# IP Build 2185939 on Wed Apr  4 20:55:05 MDT 2018
# Start of session at: Sun May  5 18:03:22 2024
# Process ID: 13828
# Current directory: D:/sem2/DigitalDesign/NanoProcessor Submissions/NanoProcessorFinalV4
# Command line: vivado.exe -gui_launcher_event rodinguilauncherevent16232 D:\sem2\DigitalDesign\NanoProcessor Submissions\NanoProcessorFinalV4\NanoProcessorFinalV4.xpr
# Log file: D:/sem2/DigitalDesign/NanoProcessor Submissions/NanoProcessorFinalV4/vivado.log
# Journal file: D:/sem2/DigitalDesign/NanoProcessor Submissions/NanoProcessorFinalV4\vivado.jou
#-----------------------------------------------------------
start_gui
open_project {D:/sem2/DigitalDesign/NanoProcessor Submissions/NanoProcessorFinalV4/NanoProcessorFinalV4.xpr}
update_compile_order -fileset sources_1
save_project_as NanoProcessorBasicWith7Segment {D:/sem2/DigitalDesign/NanoProcessor Submissions/NanoProcessorBasicWith7Segment} -force
update_compile_order -fileset sources_1
export_ip_user_files -of_objects  [get_files {{D:/sem2/DigitalDesign/NanoProcessor Submissions/NanoProcessorBasicWith7Segment/NanoProcessorBasicWith7Segment.srcs/sources_1/imports/Sources/SevenSegmentDriver/LUT_Address.vhd}}] -no_script -reset -force -quiet
remove_files  {{D:/sem2/DigitalDesign/NanoProcessor Submissions/NanoProcessorBasicWith7Segment/NanoProcessorBasicWith7Segment.srcs/sources_1/imports/Sources/SevenSegmentDriver/LUT_Address.vhd}}
file delete -force {D:/sem2/DigitalDesign/NanoProcessor Submissions/NanoProcessorBasicWith7Segment/NanoProcessorBasicWith7Segment.srcs/sources_1/imports/Sources/SevenSegmentDriver/LUT_Address.vhd}
launch_simulation
launch_simulation
open_wave_config {D:/sem2/DigitalDesign/NanoProcessor Submissions/NanoProcessorFinalV4/TB_PROCESSOR_Final.wcfg}
source TB_PROCESSOR.tcl
save_wave_config {D:/sem2/DigitalDesign/NanoProcessor Submissions/NanoProcessorFinalV4/TB_PROCESSOR_Final.wcfg}
import_files -fileset sim_1 {{D:/sem2/DigitalDesign/NanoProcessor Submissions/NanoProcessorFinalV4/TB_PROCESSOR_Final.wcfg}}
save_wave_config {D:/sem2/DigitalDesign/NanoProcessor Submissions/NanoProcessorFinalV4/TB_PROCESSOR_Final.wcfg}
update_files -from_files {{D:/sem2/DigitalDesign/NanoProcessor Submissions/NanoProcessorFinalV4/TB_PROCESSOR_Final.wcfg}} -to_files {{D:/sem2/DigitalDesign/NanoProcessor Submissions/NanoProcessorBasicWith7Segment/NanoProcessorBasicWith7Segment.srcs/sim_1/imports/NanoProcessorFinalV4/TB_PROCESSOR_Final.wcfg}} -filesets [get_filesets *]
save_wave_config {D:/sem2/DigitalDesign/NanoProcessor Submissions/NanoProcessorFinalV4/TB_PROCESSOR_Final.wcfg}
close_sim
launch_simulation
open_wave_config {D:/sem2/DigitalDesign/NanoProcessor Submissions/NanoProcessorBasicWith7Segment/NanoProcessorBasicWith7Segment.srcs/sim_1/imports/NanoProcessorFinalV4/TB_PROCESSOR_Final.wcfg}
source TB_PROCESSOR.tcl
save_wave_config {D:/sem2/DigitalDesign/NanoProcessor Submissions/NanoProcessorBasicWith7Segment/NanoProcessorBasicWith7Segment.srcs/sim_1/imports/NanoProcessorFinalV4/TB_PROCESSOR_Final.wcfg}
save_wave_config {D:/sem2/DigitalDesign/NanoProcessor Submissions/NanoProcessorBasicWith7Segment/NanoProcessorBasicWith7Segment.srcs/sim_1/imports/NanoProcessorFinalV4/TB_PROCESSOR_Final.wcfg}
close_sim
synth_design -rtl -name rtl_1
reset_run synth_1
launch_runs synth_1 -jobs 16
wait_on_run synth_1
close_design
open_run synth_1 -name synth_1
report_utilization -file {D:/sem2/DigitalDesign/NanoProcessor Submissions/NanoProcessorBasicWith7Segment/ReportUtilization.txt} -name ReportUtilization
launch_runs impl_1 -to_step write_bitstream -jobs 16
wait_on_run impl_1
file copy -force {D:/sem2/DigitalDesign/NanoProcessor Submissions/NanoProcessorBasicWith7Segment/NanoProcessorBasicWith7Segment.runs/impl_1/PROCESSOR.bit} {D:/sem2/DigitalDesign/NanoProcessor Submissions/NanoProcessorBasicWith7Segment/BitStreamBasic.bit}
